main.c:89:5:main	32	static
main.c:167:6:SystemClock_Config	72	static
main.c:203:13:MX_GPIO_Init	32	static
main.c:229:6:clearAllClock	8	static
main.c:233:6:setNumberOnClock	16	static
main.c:285:6:clearNumberOnClock	16	static
main.c:338:6:led0	16	static
main.c:341:6:led1	16	static
main.c:344:6:led2	16	static
main.c:347:6:led3	16	static
main.c:350:6:led4	16	static
main.c:353:6:led5	16	static
main.c:356:6:led7	16	static
main.c:359:6:led8	16	static
main.c:362:6:led6	16	static
main.c:365:6:led9	16	static
main.c:368:6:led10	16	static
main.c:371:6:led11	16	static
main.c:381:6:Error_Handler	4	static,ignoring_inline_asm
