main.c:95:5:main	8	static
main.c:253:6:SystemClock_Config	72	static
main.c:289:13:MX_TIM2_Init	32	static
main.c:334:13:MX_GPIO_Init	40	static
main.c:384:6:HAL_TIM_PeriodElapsedCallback	16	static
main.c:389:6:display7SEG	24	static
main.c:401:6:update7SEG	16	static
main.c:435:6:update7SEGBuffer	16	static
main.c:441:6:updateModeBuffer	16	static
main.c:474:6:updateTrafficLight	4	static
main.c:501:6:setTrafficLight	16	static
main.c:541:6:turnOffTrafficLight	8	static
main.c:556:6:Error_Handler	4	static,ignoring_inline_asm
